Copyright 1986-2022 Xilinx, Inc. All Rights Reserved. Copyright 2022-2023 Advanced Micro Devices, Inc. All Rights Reserved.
---------------------------------------------------------------------------------------------------------------------------------------------
| Tool Version : Vivado v.2023.2 (lin64) Build 4029153 Fri Oct 13 20:13:54 MDT 2023
| Date         : Fri Jul 31 22:40:22 2026
| Host         : raghav-ubuntu running 64-bit Ubuntu 22.04.5 LTS
| Command      : report_timing_summary -file /home/raghav/Desktop/kavacha/fpga/arty_a7/build/timing.rpt
| Design       : kavacha_arty_a7
| Device       : 7a100t-csg324
| Speed File   : -1  PRODUCTION 1.23 2018-06-13
| Design State : Routed
---------------------------------------------------------------------------------------------------------------------------------------------

Timing Summary Report

------------------------------------------------------------------------------------------------
| Timer Settings
| --------------
------------------------------------------------------------------------------------------------

  Enable Multi Corner Analysis               :  Yes
  Enable Pessimism Removal                   :  Yes
  Pessimism Removal Resolution               :  Nearest Common Node
  Enable Input Delay Default Clock           :  No
  Enable Preset / Clear Arcs                 :  No
  Disable Flight Delays                      :  No
  Ignore I/O Paths                           :  No
  Timing Early Launch at Borrowing Latches   :  No
  Borrow Time for Max Delay Exceptions       :  Yes
  Merge Timing Exceptions                    :  Yes
  Inter-SLR Compensation                     :  Conservative

  Corner  Analyze    Analyze    
  Name    Max Paths  Min Paths  
  ------  ---------  ---------  
  Slow    Yes        Yes        
  Fast    Yes        Yes        


------------------------------------------------------------------------------------------------
| Report Methodology
| ------------------
------------------------------------------------------------------------------------------------

No report available as report_methodology has not been run prior. Run report_methodology on the current design for the summary of methodology violations.



check_timing report

Table of Contents
-----------------
1. checking no_clock (0)
2. checking constant_clock (0)
3. checking pulse_width_clock (0)
4. checking unconstrained_internal_endpoints (0)
5. checking no_input_delay (5)
6. checking no_output_delay (6)
7. checking multiple_clock (0)
8. checking generated_clocks (0)
9. checking loops (0)
10. checking partial_input_delay (0)
11. checking partial_output_delay (0)
12. checking latch_loops (0)

1. checking no_clock (0)
------------------------
 There are 0 register/latch pins with no clock.


2. checking constant_clock (0)
------------------------------
 There are 0 register/latch pins with constant_clock.


3. checking pulse_width_clock (0)
---------------------------------
 There are 0 register/latch pins which need pulse_width check


4. checking unconstrained_internal_endpoints (0)
------------------------------------------------
 There are 0 pins that are not constrained for maximum delay.

 There are 0 pins that are not constrained for maximum delay due to constant clock.


5. checking no_input_delay (5)
------------------------------
 There are 2 input ports with no input delay specified. (HIGH)

 There are 3 input ports with no input delay but user has a false path constraint. (MEDIUM)


6. checking no_output_delay (6)
-------------------------------
 There are 5 ports with no output delay specified. (HIGH)

 There is 1 port with no output delay but user has a false path constraint (MEDIUM)

 There are 0 ports with no output delay but with a timing clock defined on it or propagating through it


7. checking multiple_clock (0)
------------------------------
 There are 0 register/latch pins with multiple clocks.


8. checking generated_clocks (0)
--------------------------------
 There are 0 generated clocks that are not connected to a clock source.


9. checking loops (0)
---------------------
 There are 0 combinational loops in the design.


10. checking partial_input_delay (0)
------------------------------------
 There are 0 input ports with partial input delay specified.


11. checking partial_output_delay (0)
-------------------------------------
 There are 0 ports with partial output delay specified.


12. checking latch_loops (0)
----------------------------
 There are 0 combinational latch loops in the design through latch input



------------------------------------------------------------------------------------------------
| Design Timing Summary
| ---------------------
------------------------------------------------------------------------------------------------

    WNS(ns)      TNS(ns)  TNS Failing Endpoints  TNS Total Endpoints      WHS(ns)      THS(ns)  THS Failing Endpoints  THS Total Endpoints     WPWS(ns)     TPWS(ns)  TPWS Failing Endpoints  TPWS Total Endpoints  
    -------      -------  ---------------------  -------------------      -------      -------  ---------------------  -------------------     --------     --------  ----------------------  --------------------  
    -12.719  -424790.781                  67048                70224        0.070        0.000                      0                70224        3.750        0.000                       0                 10020  


Timing constraints are not met.


------------------------------------------------------------------------------------------------
| Clock Summary
| -------------
------------------------------------------------------------------------------------------------

Clock        Waveform(ns)       Period(ns)      Frequency(MHz)
-----        ------------       ----------      --------------
sys_clk_pin  {0.000 5.000}      10.000          100.000         


------------------------------------------------------------------------------------------------
| Intra Clock Table
| -----------------
------------------------------------------------------------------------------------------------

Clock             WNS(ns)      TNS(ns)  TNS Failing Endpoints  TNS Total Endpoints      WHS(ns)      THS(ns)  THS Failing Endpoints  THS Total Endpoints     WPWS(ns)     TPWS(ns)  TPWS Failing Endpoints  TPWS Total Endpoints  
-----             -------      -------  ---------------------  -------------------      -------      -------  ---------------------  -------------------     --------     --------  ----------------------  --------------------  
sys_clk_pin       -12.719  -424790.781                  67048                70224        0.070        0.000                      0                70224        3.750        0.000                       0                 10020  


------------------------------------------------------------------------------------------------
| Inter Clock Table
| -----------------
------------------------------------------------------------------------------------------------

From Clock    To Clock          WNS(ns)      TNS(ns)  TNS Failing Endpoints  TNS Total Endpoints      WHS(ns)      THS(ns)  THS Failing Endpoints  THS Total Endpoints  
----------    --------          -------      -------  ---------------------  -------------------      -------      -------  ---------------------  -------------------  


------------------------------------------------------------------------------------------------
| Other Path Groups Table
| -----------------------
------------------------------------------------------------------------------------------------

Path Group    From Clock    To Clock          WNS(ns)      TNS(ns)  TNS Failing Endpoints  TNS Total Endpoints      WHS(ns)      THS(ns)  THS Failing Endpoints  THS Total Endpoints  
----------    ----------    --------          -------      -------  ---------------------  -------------------      -------      -------  ---------------------  -------------------  


------------------------------------------------------------------------------------------------
| Timing Details
| --------------
------------------------------------------------------------------------------------------------


---------------------------------------------------------------------------------------------------
From Clock:  sys_clk_pin
  To Clock:  sys_clk_pin

Setup :        67048  Failing Endpoints,  Worst Slack      -12.719ns,  Total Violation  -424790.778ns
Hold  :            0  Failing Endpoints,  Worst Slack        0.070ns,  Total Violation        0.000ns
PW    :            0  Failing Endpoints,  Worst Slack        3.750ns,  Total Violation        0.000ns
---------------------------------------------------------------------------------------------------


Max Delay Paths
--------------------------------------------------------------------------------------
Slack (VIOLATED) :        -12.719ns  (required time - arrival time)
  Source:                 u_soc/u_core/dbg_mode_reg/C
                            (rising edge-triggered cell FDRE clocked by sys_clk_pin  {rise@0.000ns fall@5.000ns period=10.000ns})
  Destination:            u_soc/u_core/g_rf.u_rf/regs_reg_r1_0_31_18_23/RAMA_D1/I
                            (rising edge-triggered cell RAMD32 clocked by sys_clk_pin  {rise@0.000ns fall@5.000ns period=10.000ns})
  Path Group:             sys_clk_pin
  Path Type:              Setup (Max at Slow Process Corner)
  Requirement:            10.000ns  (sys_clk_pin rise@10.000ns - sys_clk_pin rise@0.000ns)
  Data Path Delay:        22.382ns  (logic 4.288ns (19.158%)  route 18.094ns (80.842%))
  Logic Levels:           21  (CARRY4=2 LUT3=1 LUT4=1 LUT5=8 LUT6=5 MUXF7=1 MUXF8=1 RAMD32=1 RAMD64E=1)
  Clock Path Skew:        -0.043ns (DCD - SCD + CPR)
    Destination Clock Delay (DCD):    4.923ns = ( 14.923 - 10.000 ) 
    Source Clock Delay      (SCD):    5.225ns
    Clock Pessimism Removal (CPR):    0.259ns
  Clock Uncertainty:      0.035ns  ((TSJ^2 + TIJ^2)^1/2 + DJ) / 2 + PE
    Total System Jitter     (TSJ):    0.071ns
    Total Input Jitter      (TIJ):    0.000ns
    Discrete Jitter          (DJ):    0.000ns
    Phase Error              (PE):    0.000ns

    Location             Delay type                Incr(ns)  Path(ns)    Netlist Resource(s)
  -------------------------------------------------------------------    -------------------
                         (clock sys_clk_pin rise edge)
                                                      0.000     0.000 r  
    E3                                                0.000     0.000 r  CLK100 (IN)
                         net (fo=0)                   0.000     0.000    CLK100
    E3                   IBUF (Prop_ibuf_I_O)         1.482     1.482 r  CLK100_IBUF_inst/O
                         net (fo=1, routed)           2.025     3.506    CLK100_IBUF
    BUFGCTRL_X0Y16       BUFG (Prop_bufg_I_O)         0.096     3.602 r  CLK100_IBUF_BUFG_inst/O
                         net (fo=10031, routed)       1.623     5.225    u_soc/u_core/CLK100_IBUF_BUFG
    SLICE_X13Y134        FDRE                                         r  u_soc/u_core/dbg_mode_reg/C
  -------------------------------------------------------------------    -------------------
    SLICE_X13Y134        FDRE (Prop_fdre_C_Q)         0.456     5.681 r  u_soc/u_core/dbg_mode_reg/Q
                         net (fo=87, routed)          0.898     6.580    u_soc/u_dbg/dividend_raw_reg[31]
    SLICE_X11Y134        LUT5 (Prop_lut5_I3_O)        0.124     6.704 r  u_soc/u_dbg/regs_reg_r1_0_31_0_5_i_12/O
                         net (fo=33, routed)          1.283     7.986    u_soc/u_core/g_rf.u_rf/regs_reg_r1_0_31_12_17/ADDRC0
    SLICE_X6Y134         RAMD32 (Prop_ramd32_RADR0_O)
                                                      0.153     8.139 r  u_soc/u_core/g_rf.u_rf/regs_reg_r1_0_31_12_17/RAMC/O
                         net (fo=18, routed)          0.554     8.693    u_soc/u_core/g_rf.u_rf/dbg_ar_wdata_reg[13]_1[0]
    SLICE_X7Y134         LUT4 (Prop_lut4_I2_O)        0.331     9.024 r  u_soc/u_core/g_rf.u_rf/ld_w0[31]_i_140/O
                         net (fo=8, routed)           1.266    10.290    u_soc/u_core/g_rf.u_rf/alu_a[16]
    SLICE_X15Y142        LUT6 (Prop_lut6_I3_O)        0.124    10.414 r  u_soc/u_core/g_rf.u_rf/regs_reg_r1_0_31_6_11_i_101/O
                         net (fo=3, routed)           0.795    11.209    u_soc/u_core/g_rf.u_rf/regs_reg_r1_0_31_6_11_i_101_n_0
    SLICE_X13Y144        LUT5 (Prop_lut5_I0_O)        0.124    11.333 r  u_soc/u_core/g_rf.u_rf/mem_reg_r2_0_63_0_2_i_142/O
                         net (fo=2, routed)           0.523    11.855    u_soc/u_core/g_rf.u_rf/mem_reg_r2_0_63_0_2_i_142_n_0
    SLICE_X15Y137        LUT3 (Prop_lut3_I2_O)        0.124    11.979 r  u_soc/u_core/g_rf.u_rf/mem_reg_r2_0_63_0_2_i_103/O
                         net (fo=2, routed)           0.859    12.839    u_soc/u_core/g_rf.u_rf/mem_reg_r2_0_63_0_2_i_103_n_0
    SLICE_X15Y130        LUT5 (Prop_lut5_I0_O)        0.124    12.963 r  u_soc/u_core/g_rf.u_rf/mem_reg_r2_0_63_0_2_i_59/O
                         net (fo=2, routed)           0.902    13.864    u_soc/u_core/g_rf.u_rf/mem_reg_r2_0_63_0_2_i_59_n_0
    SLICE_X28Y126        LUT5 (Prop_lut5_I0_O)        0.124    13.988 r  u_soc/u_core/g_rf.u_rf/mem_reg_r2_0_63_0_2_i_30/O
                         net (fo=1, routed)           0.524    14.513    u_soc/u_core/g_rf.u_rf/mem_reg_r2_0_63_0_2_i_30_n_0
    SLICE_X29Y120        LUT5 (Prop_lut5_I2_O)        0.124    14.637 r  u_soc/u_core/g_rf.u_rf/mem_reg_r2_0_63_0_2_i_16/O
                         net (fo=2, routed)           0.654    15.291    u_soc/u_core/g_rf.u_rf/alu_y[2]
    SLICE_X28Y115        LUT5 (Prop_lut5_I0_O)        0.124    15.415 r  u_soc/u_core/g_rf.u_rf/mem_reg_r2_0_63_0_2_i_19/O
                         net (fo=1, routed)           0.000    15.415    u_soc/u_core/g_rf.u_rf/mem_reg_r2_0_63_0_2_i_19_n_0
    SLICE_X28Y115        CARRY4 (Prop_carry4_S[1]_CO[3])
                                                      0.550    15.965 r  u_soc/u_core/g_rf.u_rf/mem_reg_r2_0_63_0_2_i_5/CO[3]
                         net (fo=1, routed)           0.000    15.965    u_soc/u_core/g_rf.u_rf/mem_reg_r2_0_63_0_2_i_5_n_0
    SLICE_X28Y116        CARRY4 (Prop_carry4_CI_O[0])
                                                      0.222    16.187 r  u_soc/u_core/g_rf.u_rf/mem_reg_r2_0_63_0_2_i_4/O[0]
                         net (fo=2152, routed)        3.112    19.299    u_soc/mem_reg_r2_256_319_9_11/ADDRC3
    SLICE_X6Y69          RAMD64E (Prop_ramd64e_RADR3_O)
                                                      0.299    19.598 r  u_soc/mem_reg_r2_256_319_9_11/RAMC/O
                         net (fo=1, routed)           1.155    20.753    u_soc/u_core/g_rf.u_rf/ld_w0_reg[11]_i_14_7
    SLICE_X5Y76          LUT6 (Prop_lut6_I5_O)        0.124    20.877 r  u_soc/u_core/g_rf.u_rf/ld_w0[11]_i_29/O
                         net (fo=1, routed)           0.000    20.877    u_soc/u_core/g_rf.u_rf/ld_w0[11]_i_29_n_0
    SLICE_X5Y76          MUXF7 (Prop_muxf7_I1_O)      0.245    21.122 r  u_soc/u_core/g_rf.u_rf/ld_w0_reg[11]_i_14/O
                         net (fo=1, routed)           0.000    21.122    u_soc/u_core/g_rf.u_rf/ld_w0_reg[11]_i_14_n_0
    SLICE_X5Y76          MUXF8 (Prop_muxf8_I0_O)      0.104    21.226 r  u_soc/u_core/g_rf.u_rf/ld_w0_reg[11]_i_7/O
                         net (fo=1, routed)           0.894    22.120    u_soc/u_core/g_rf.u_rf/ld_w0_reg[11]_i_7_n_0
    SLICE_X7Y94          LUT6 (Prop_lut6_I5_O)        0.316    22.436 r  u_soc/u_core/g_rf.u_rf/ld_w0[11]_i_3/O
                         net (fo=4, routed)           1.307    23.743    u_soc/u_core/g_rf.u_rf/dmem_rdata0[11]
    SLICE_X7Y119         LUT6 (Prop_lut6_I3_O)        0.124    23.867 r  u_soc/u_core/g_rf.u_rf/ld_w0[11]_i_1/O
                         net (fo=3, routed)           0.557    24.425    u_soc/u_core/g_rf.u_rf/dmem_rdata[11]
    SLICE_X7Y122         LUT5 (Prop_lut5_I0_O)        0.124    24.549 f  u_soc/u_core/g_rf.u_rf/regs_reg_r1_0_31_18_23_i_21/O
                         net (fo=2, routed)           1.350    25.899    u_soc/u_core/g_rf.u_rf/regs_reg_r1_0_31_18_23_i_21_n_0
    SLICE_X15Y142        LUT5 (Prop_lut5_I3_O)        0.124    26.023 r  u_soc/u_core/g_rf.u_rf/regs_reg_r1_0_31_18_23_i_7/O
                         net (fo=1, routed)           0.426    26.449    u_soc/u_dbg/a_q_reg[19]
    SLICE_X14Y143        LUT6 (Prop_lut6_I2_O)        0.124    26.573 r  u_soc/u_dbg/regs_reg_r1_0_31_18_23_i_1/O
                         net (fo=2, routed)           1.035    27.608    u_soc/u_core/g_rf.u_rf/regs_reg_r1_0_31_18_23/DIA1
    SLICE_X8Y133         RAMD32                                       r  u_soc/u_core/g_rf.u_rf/regs_reg_r1_0_31_18_23/RAMA_D1/I
  -------------------------------------------------------------------    -------------------

                         (clock sys_clk_pin rise edge)
                                                     10.000    10.000 r  
    E3                                                0.000    10.000 r  CLK100 (IN)
                         net (fo=0)                   0.000    10.000    CLK100
    E3                   IBUF (Prop_ibuf_I_O)         1.411    11.411 r  CLK100_IBUF_inst/O
                         net (fo=1, routed)           1.920    13.331    CLK100_IBUF
    BUFGCTRL_X0Y16       BUFG (Prop_bufg_I_O)         0.091    13.422 r  CLK100_IBUF_BUFG_inst/O
                         net (fo=10031, routed)       1.501    14.923    u_soc/u_core/g_rf.u_rf/regs_reg_r1_0_31_18_23/WCLK
    SLICE_X8Y133         RAMD32                                       r  u_soc/u_core/g_rf.u_rf/regs_reg_r1_0_31_18_23/RAMA_D1/CLK
                         clock pessimism              0.259    15.182    
                         clock uncertainty           -0.035    15.147    
    SLICE_X8Y133         RAMD32 (Setup_ramd32_CLK_I)
                                                     -0.258    14.889    u_soc/u_core/g_rf.u_rf/regs_reg_r1_0_31_18_23/RAMA_D1
  -------------------------------------------------------------------
                         required time                         14.889    
                         arrival time                         -27.608    
  -------------------------------------------------------------------
                         slack                                -12.719    





Min Delay Paths
--------------------------------------------------------------------------------------
Slack (MET) :             0.070ns  (arrival time - required time)
  Source:                 u_soc/u_dbg/dr_reg[36]/C
                            (rising edge-triggered cell FDRE clocked by sys_clk_pin  {rise@0.000ns fall@5.000ns period=10.000ns})
  Destination:            u_soc/u_dbg/dmi_we_addr_reg[2]/D
                            (rising edge-triggered cell FDRE clocked by sys_clk_pin  {rise@0.000ns fall@5.000ns period=10.000ns})
  Path Group:             sys_clk_pin
  Path Type:              Hold (Min at Fast Process Corner)
  Requirement:            0.000ns  (sys_clk_pin rise@0.000ns - sys_clk_pin rise@0.000ns)
  Data Path Delay:        0.323ns  (logic 0.164ns (50.829%)  route 0.159ns (49.171%))
  Logic Levels:           0  
  Clock Path Skew:        0.182ns (DCD - SCD - CPR)
    Destination Clock Delay (DCD):    2.002ns
    Source Clock Delay      (SCD):    1.569ns
    Clock Pessimism Removal (CPR):    0.250ns

    Location             Delay type                Incr(ns)  Path(ns)    Netlist Resource(s)
  -------------------------------------------------------------------    -------------------
                         (clock sys_clk_pin rise edge)
                                                      0.000     0.000 r  
    E3                                                0.000     0.000 r  CLK100 (IN)
                         net (fo=0)                   0.000     0.000    CLK100
    E3                   IBUF (Prop_ibuf_I_O)         0.250     0.250 r  CLK100_IBUF_inst/O
                         net (fo=1, routed)           0.644     0.894    CLK100_IBUF
    BUFGCTRL_X0Y16       BUFG (Prop_bufg_I_O)         0.026     0.920 r  CLK100_IBUF_BUFG_inst/O
                         net (fo=10031, routed)       0.649     1.569    u_soc/u_dbg/CLK100_IBUF_BUFG
    SLICE_X30Y150        FDRE                                         r  u_soc/u_dbg/dr_reg[36]/C
  -------------------------------------------------------------------    -------------------
    SLICE_X30Y150        FDRE (Prop_fdre_C_Q)         0.164     1.733 r  u_soc/u_dbg/dr_reg[36]/Q
                         net (fo=10, routed)          0.159     1.891    u_soc/u_dbg/a[2]
    SLICE_X29Y149        FDRE                                         r  u_soc/u_dbg/dmi_we_addr_reg[2]/D
  -------------------------------------------------------------------    -------------------

                         (clock sys_clk_pin rise edge)
                                                      0.000     0.000 r  
    E3                                                0.000     0.000 r  CLK100 (IN)
                         net (fo=0)                   0.000     0.000    CLK100
    E3                   IBUF (Prop_ibuf_I_O)         0.438     0.438 r  CLK100_IBUF_inst/O
                         net (fo=1, routed)           0.699     1.136    CLK100_IBUF
    BUFGCTRL_X0Y16       BUFG (Prop_bufg_I_O)         0.029     1.165 r  CLK100_IBUF_BUFG_inst/O
                         net (fo=10031, routed)       0.837     2.002    u_soc/u_dbg/CLK100_IBUF_BUFG
    SLICE_X29Y149        FDRE                                         r  u_soc/u_dbg/dmi_we_addr_reg[2]/C
                         clock pessimism             -0.250     1.751    
    SLICE_X29Y149        FDRE (Hold_fdre_C_D)         0.070     1.821    u_soc/u_dbg/dmi_we_addr_reg[2]
  -------------------------------------------------------------------
                         required time                         -1.821    
                         arrival time                           1.891    
  -------------------------------------------------------------------
                         slack                                  0.070    





Pulse Width Checks
--------------------------------------------------------------------------------------
Clock Name:         sys_clk_pin
Waveform(ns):       { 0.000 5.000 }
Period(ns):         10.000
Sources:            { CLK100 }

Check Type        Corner  Lib Pin      Reference Pin  Required(ns)  Actual(ns)  Slack(ns)  Location        Pin
Min Period        n/a     BUFG/I       n/a            2.155         10.000      7.845      BUFGCTRL_X0Y16  CLK100_IBUF_BUFG_inst/I
Low Pulse Width   Slow    RAMD64E/CLK  n/a            1.250         5.000       3.750      SLICE_X46Y82    u_soc/mem_reg_r1_0_63_0_2/RAMA/CLK
High Pulse Width  Slow    RAMD64E/CLK  n/a            1.250         5.000       3.750      SLICE_X46Y82    u_soc/mem_reg_r1_0_63_0_2/RAMA/CLK



